Microchip MPLAB XC8 Compiler V1.45 ()

Linker command line:

-W-3 --edf=C:\Program Files (x86)\Microchip\xc8\v1.45\dat\en_msgs.txt -cs \
  -h+dist/default/production\LABFINAL.X.production.sym \
  --cmf=dist/default/production\LABFINAL.X.production.cmf -z -Q16F887 \
  -oC:\Users\piniel\AppData\Local\Temp\s79k.2 \
  -Mdist/default/production/LABFINAL.X.production.map -E1 -ver=XC8 \
  -ASTACK=0110h-016fh -pstack=STACK -ACODE=00h-07FFhx4 -ASTRCODE=00h-01FFFh \
  -ASTRING=00h-0FFhx32 -ACONST=00h-0FFhx32 -AENTRY=00h-0FFhx32 \
  -ACOMMON=070h-07Fh -ABANK0=020h-06Fh -ABANK1=0A0h-0EFh \
  -ABANK2=0110h-016Fh -ABANK3=0190h-01EFh \
  -ARAM=020h-06Fh,0A0h-0EFh,0110h-016Fh,0190h-01EFh \
  -AABS1=020h-07Fh,0A0h-0EFh,0110h-016Fh,0190h-01EFh -ASFR0=00h-01Fh \
  -ASFR1=080h-09Fh -ASFR2=0100h-010Fh -ASFR3=0180h-018Fh \
  -preset_vec=00h,intentry=04h,init,end_init -ppowerup=CODE -pcinit=CODE \
  -pfunctab=ENTRY -ACONFIG=02007h-02008h -pconfig=CONFIG -DCONFIG=2 \
  -AIDLOC=02000h-02003h -pidloc=IDLOC -DIDLOC=2 -AEEDATA=00h-0FFh/02100h \
  -peeprom_data=EEDATA -DEEDATA=2 -DCODE=2 -DSTRCODE=2 -DSTRING=2 -DCONST=2 \
  -DENTRY=2 -k C:\Users\piniel\AppData\Local\Temp\s79k.obj \
  dist/default/production\LABFINAL.X.production.obj 

Object code version is 3.11

Machine type is 16F887



                Name                               Link     Load   Length Selector   Space Scale
C:\Users\piniel\AppData\Local\Temp\s79k.obj
                end_init                             12       12        3        8       0
                reset_vec                             0        0        3        0       0
                config                             2007     2007        2     400E       0
dist/default/production\LABFINAL.X.production.obj
                cinit                                15       15       26        8       0
                intentry                              4        4        E        8       0
                text23                             1188     1188       59     2310       0
                text22                             10EC     10EC       1E     21D8       0
                text21                             110A     110A       1E     2214       0
                text20                             123C     123C       5E     2478       0
                text19                             1622     1622       EB     2C44       0
                text18                             10B7     10B7       1A     216E       0
                text17                              7CA      7CA       23        8       0
                text16                             1366     1366       8A     26CC       0
                text15                             10D1     10D1       1B     21A2       0
                text14                             1146     1146       21     228C       0
                text13                             1167     1167       21     22CE       0
                text12                             170D     170D       F3     2E1A       0
                text11                              BBF      BBF      441     177E       0
                text10                             11E1     11E1       5B     23C2       0
                text9                              129A     129A       5E     2534       0
                text8                              13F0     13F0       96     27E0       0
                text7                              12F8     12F8       6E     25F0       0
                text6                              154F     154F       D3     2A9E       0
                text5                              1486     1486       C9     290C       0
                text4                              1128     1128       1E     2250       0
                text3                                3B       3B      78F        8       0
                text2                               93E      93E      140     127C       0
                text1                               A7E      A7E      141     14FC       0
                maintext                            801      801      13D     1002       0
                cstackBANK0                          20       20       31       20       1
                cstackCOMMON                         70       70        D       70       1
                cstackBANK1                          D8       D8        E       A0       1
                clrtext                            10AF     10AF        8     215E       0
                inittext                            7ED      7ED       11        8       0
                bssBANK1                             A0       A0       38       A0       1
                dataBANK0                            5B       5B        7       20       1
                bssBANK0                             51       51        A       20       1
                dataCOMMON                           7D       7D        1       70       1
                idataBANK0                         10A8     10A8        7     2150       0
                idataCOMMON                         7FE      7FE        1        8       0

TOTAL           Name                               Link     Load   Length     Space
        CLASS   STACK          

        CLASS   CODE           
                end_init                             12       12        3         0
                cinit                                15       15       26         0
                intentry                              4        4        E         0
                reset_vec                             0        0        3         0
                text23                             1188     1188       59         0
                text22                             10EC     10EC       1E         0
                text21                             110A     110A       1E         0
                text20                             123C     123C       5E         0
                text19                             1622     1622       EB         0
                text18                             10B7     10B7       1A         0
                text17                              7CA      7CA       23         0
                text16                             1366     1366       8A         0
                text15                             10D1     10D1       1B         0
                text14                             1146     1146       21         0
                text13                             1167     1167       21         0
                text12                             170D     170D       F3         0
                text11                              BBF      BBF      441         0
                text10                             11E1     11E1       5B         0
                text9                              129A     129A       5E         0
                text8                              13F0     13F0       96         0
                text7                              12F8     12F8       6E         0
                text6                              154F     154F       D3         0
                text5                              1486     1486       C9         0
                text4                              1128     1128       1E         0
                text3                                3B       3B      78F         0
                text2                               93E      93E      140         0
                text1                               A7E      A7E      141         0
                maintext                            801      801      13D         0
                clrtext                            10AF     10AF        8         0
                inittext                            7ED      7ED       11         0
                idataBANK0                         10A8     10A8        7         0
                idataCOMMON                         7FE      7FE        1         0

        CLASS   STRCODE        

        CLASS   STRING         

        CLASS   CONST          

        CLASS   ENTRY          

        CLASS   COMMON         
                cstackCOMMON                         70       70        D         1
                dataCOMMON                           7D       7D        1         1

        CLASS   BANK0          
                cstackBANK0                          20       20       31         1
                dataBANK0                            5B       5B        7         1
                bssBANK0                             51       51        A         1

        CLASS   BANK1          
                cstackBANK1                          D8       D8        E         1
                bssBANK1                             A0       A0       38         1

        CLASS   BANK2          

        CLASS   BANK3          

        CLASS   RAM            

        CLASS   ABS1           
                abs_s1                               7E       7E        2         1

        CLASS   SFR0           

        CLASS   SFR1           

        CLASS   SFR2           

        CLASS   SFR3           

        CLASS   CONFIG         
                config                             2007     2007        2         0

        CLASS   IDLOC          

        CLASS   EEDATA         



SEGMENTS        Name                           Load    Length   Top    Selector   Space  Class     Delta

                reset_vec                      000000  000003  000003         0       0  CODE        2
                intentry                       000004  0007FB  0007FF         8       0  CODE        2
                cstackBANK0                    000020  000042  000062        20       1  BANK0       1
                cstackCOMMON                   000070  00000E  00007E        70       1  COMMON      1
                bssBANK1                       0000A0  000046  0000E6        A0       1  BANK1       1
                maintext                       000801  00013D  00093E      1002       0  CODE        2
                text2                          00093E  000140  000A7E      127C       0  CODE        2
                text1                          000A7E  000141  000BBF      14FC       0  CODE        2
                text11                         000BBF  000441  001000      177E       0  CODE        2
                idataBANK0                     0010A8  000007  0010AF      2150       0  CODE        2
                clrtext                        0010AF  000008  0010B7      215E       0  CODE        2
                text18                         0010B7  00001A  0010D1      216E       0  CODE        2
                text15                         0010D1  00001B  0010EC      21A2       0  CODE        2
                text22                         0010EC  00001E  00110A      21D8       0  CODE        2
                text21                         00110A  00001E  001128      2214       0  CODE        2
                text4                          001128  00001E  001146      2250       0  CODE        2
                text14                         001146  000021  001167      228C       0  CODE        2
                text13                         001167  000021  001188      22CE       0  CODE        2
                text23                         001188  000059  0011E1      2310       0  CODE        2
                text10                         0011E1  00005B  00123C      23C2       0  CODE        2
                text20                         00123C  00005E  00129A      2478       0  CODE        2
                text9                          00129A  00005E  0012F8      2534       0  CODE        2
                text7                          0012F8  00006E  001366      25F0       0  CODE        2
                text16                         001366  00008A  0013F0      26CC       0  CODE        2
                text8                          0013F0  000096  001486      27E0       0  CODE        2
                text5                          001486  0000C9  00154F      290C       0  CODE        2
                text6                          00154F  0000D3  001622      2A9E       0  CODE        2
                text19                         001622  0000EB  00170D      2C44       0  CODE        2
                text12                         00170D  0000F3  001800      2E1A       0  CODE        2
                config                         002007  000002  002009      400E       0  CONFIG      2


UNUSED ADDRESS RANGES

        Name                Unused          Largest block    Delta
        BANK0            0062-006F              E           1
        BANK1            00E6-00EF              A           1
        BANK2            0110-016F             60           1
        BANK3            0190-01EF             60           1
        CODE             0003-0003              1           2
                         07FF-0800              1
                         1000-10A7             A8
                         1800-1FFF            800
        CONST            0003-0003              1           2
                         07FF-0800              1
                         1000-10A7             A8
                         1800-1FFF            100
        EEDATA           2100-21FF            100           2
        ENTRY            0003-0003              1           2
                         07FF-0800              1
                         1000-10A7             A8
                         1800-1FFF            100
        IDLOC            2000-2003              4           2
        RAM              0062-006F              E           1
                         00E6-00EF              A
                         0110-016F             60
                         0190-01EF             60
        SFR0             0000-001F             20           1
        SFR1             0080-009F             20           1
        SFR2             0100-010F             10           1
        SFR3             0180-018F             10           1
        STACK            0110-016F             60           1
        STRCODE          0003-0003              1           2
                         07FF-0800              2
                         1000-10A7             A8
                         1800-1FFF            800
        STRING           0003-0003              1           2
                         07FF-0800              1
                         1000-10A7             A8
                         1800-1FFF            100

                                  Symbol Table

?___awdiv                      cstackBANK0  002C
?___ftmul                      cstackBANK0  003C
?___ftpack                     cstackBANK0  002C
?___fttol                      cstackBANK0  004C
?___lbtoft                     cstackBANK0  0034
?i1___awdiv                    cstackCOMMON 0070
_ANSEL                         (abs)        0188
_ANSELH                        (abs)        0189
_Gol                           text12       170D
_INTCONbits                    (abs)        000B
_IOCB                          (abs)        0096
_InitES                        text18       10B7
_InitSPI                       text16       1366
_InitTMR1                      text15       10D1
_Juego                         text3        003B
_Marcador                      text11       0BBF
_PIE1bits                      (abs)        008C
_PIR1bits                      (abs)        000C
_PORTB                         (abs)        0006
_PORTBbits                     (abs)        0006
_PORTC                         (abs)        0007
_PORTCbits                     (abs)        0007
_PORTD                         (abs)        0008
_Posicioninicial               text2        093E
_SSPBUF                        (abs)        0013
_SSPCON                        (abs)        0014
_SSPSTAT                       (abs)        0094
_SSPSTATbits                   (abs)        0094
_Saque                         text8        13F0
_T1CON                         (abs)        0010
_T1CONbits                     (abs)        0010
_TMR1                          (abs)        000E
_TRISB                         (abs)        0086
_TRISCbits                     (abs)        0087
_TRISD                         (abs)        0088
_Trayectoria                   dataBANK0    005C
__CFG_BOR4V$BOR40V             (abs)        0000
__CFG_BOREN$ON                 (abs)        0000
__CFG_CP$OFF                   (abs)        0000
__CFG_CPD$OFF                  (abs)        0000
__CFG_FCMEN$ON                 (abs)        0000
__CFG_FOSC$HS                  (abs)        0000
__CFG_IESO$ON                  (abs)        0000
__CFG_LVP$OFF                  (abs)        0000
__CFG_MCLRE$ON                 (abs)        0000
__CFG_PWRTE$OFF                (abs)        0000
__CFG_WDTE$OFF                 (abs)        0000
__CFG_WRT$OFF                  (abs)        0000
__Habs1                        abs1         0000
__Hbank0                       bank0        0000
__Hbank1                       bank1        0000
__Hbank2                       bank2        0000
__Hbank3                       bank3        0000
__HbssBANK0                    bssBANK0     0000
__HbssBANK1                    bssBANK1     0000
__Hcinit                       cinit        003B
__Hclrtext                     clrtext      0000
__Hcode                        code         0000
__Hcommon                      common       0000
__Hconfig                      config       2009
__HcstackBANK0                 cstackBANK0  0000
__HcstackBANK1                 cstackBANK1  0000
__HcstackCOMMON                cstackCOMMON 0000
__HdataBANK0                   dataBANK0    0000
__HdataCOMMON                  dataCOMMON   0000
__Heeprom_data                 eeprom_data  0000
__Hend_init                    end_init     0015
__Hfunctab                     functab      0000
__HidataBANK0                  idataBANK0   0000
__HidataCOMMON                 idataCOMMON  0000
__Hidloc                       idloc        0000
__Hinit                        init         0012
__Hinittext                    inittext     0000
__Hintentry                    intentry     0012
__Hmaintext                    maintext     0000
__Hpowerup                     powerup      0000
__Hram                         ram          0000
__Hreset_vec                   reset_vec    0003
__Hsfr0                        sfr0         0000
__Hsfr1                        sfr1         0000
__Hsfr2                        sfr2         0000
__Hsfr3                        sfr3         0000
__Hspace_0                     (abs)        2009
__Hspace_1                     (abs)        00E6
__Hspace_2                     (abs)        0000
__Hspace_3                     (abs)        0000
__Hstack                       stack        0000
__Hstrings                     strings      0000
__Htext                        text         0000
__Labs1                        abs1         0000
__Lbank0                       bank0        0000
__Lbank1                       bank1        0000
__Lbank2                       bank2        0000
__Lbank3                       bank3        0000
__LbssBANK0                    bssBANK0     0000
__LbssBANK1                    bssBANK1     0000
__Lcinit                       cinit        0015
__Lclrtext                     clrtext      0000
__Lcode                        code         0000
__Lcommon                      common       0000
__Lconfig                      config       2007
__LcstackBANK0                 cstackBANK0  0000
__LcstackBANK1                 cstackBANK1  0000
__LcstackCOMMON                cstackCOMMON 0000
__LdataBANK0                   dataBANK0    0000
__LdataCOMMON                  dataCOMMON   0000
__Leeprom_data                 eeprom_data  0000
__Lend_init                    end_init     0012
__Lfunctab                     functab      0000
__LidataBANK0                  idataBANK0   0000
__LidataCOMMON                 idataCOMMON  0000
__Lidloc                       idloc        0000
__Linit                        init         0012
__Linittext                    inittext     0000
__Lintentry                    intentry     0004
__Lmaintext                    maintext     0000
__Lpowerup                     powerup      0000
__Lram                         ram          0000
__Lreset_vec                   reset_vec    0000
__Lsfr0                        sfr0         0000
__Lsfr1                        sfr1         0000
__Lsfr2                        sfr2         0000
__Lsfr3                        sfr3         0000
__Lspace_0                     (abs)        0000
__Lspace_1                     (abs)        0000
__Lspace_2                     (abs)        0000
__Lspace_3                     (abs)        0000
__Lstack                       stack        0000
__Lstrings                     strings      0000
__Ltext                        text         0000
__S0                           (abs)        2009
__S1                           (abs)        00E6
__S2                           (abs)        0000
__S3                           (abs)        0000
___awdiv                       text10       11E1
___awdiv@counter               cstackBANK0  0031
___awdiv@dividend              cstackBANK0  002E
___awdiv@divisor               cstackBANK0  002C
___awdiv@quotient              cstackBANK0  0033
___awdiv@sign                  cstackBANK0  0032
___ftmul                       text6        154F
___ftmul@cntr                  cstackBANK0  004A
___ftmul@exp                   cstackBANK0  0046
___ftmul@f1                    cstackBANK0  003C
___ftmul@f2                    cstackBANK0  003F
___ftmul@f3_as_product         cstackBANK0  0047
___ftmul@sign                  cstackBANK0  004B
___ftpack                      text7        12F8
___ftpack@arg                  cstackBANK0  002C
___ftpack@exp                  cstackBANK0  002F
___ftpack@sign                 cstackBANK0  0030
___fttol                       text5        1486
___fttol@exp1                  cstackBANK1  00E1
___fttol@f1                    cstackBANK0  004C
___fttol@lval                  cstackBANK1  00DD
___fttol@sign1                 cstackBANK1  00DC
___int_sp                      stack        0000
___latbits                     (abs)        0002
___lbtoft                      text4        1128
___lbtoft@c                    cstackBANK0  003B
___sp                          stack        0000
__end_of_Gol                   text12       1800
__end_of_InitES                text18       10D1
__end_of_InitSPI               text16       13F0
__end_of_InitTMR1              text15       10EC
__end_of_Juego                 text3        07CA
__end_of_Marcador              text11       1000
__end_of_Posicioninicial       text2        0A7E
__end_of_Saque                 text8        1486
__end_of___awdiv               text10       123C
__end_of___ftmul               text6        1622
__end_of___ftpack              text7        1366
__end_of___fttol               text5        154F
__end_of___lbtoft              text4        1146
__end_of__initialization       cinit        0037
__end_of_barras                text9        12F8
__end_of_enviardato            text14       1167
__end_of_enviardato0           text17       07ED
__end_of_enviardato2           text13       1188
__end_of_inicializacion        text1        0BBF
__end_of_main                  maintext     093E
__end_of_rutinainterrupciones  text19       170D
__end_ofi1___awdiv             text23       11E1
__end_ofi1_barras              text20       129A
__end_ofi1_enviardato          text22       110A
__end_ofi1_enviardato2         text21       1128
__initialization               cinit        0015
__pbssBANK0                    bssBANK0     0051
__pbssBANK1                    bssBANK1     00A0
__pcstackBANK0                 cstackBANK0  0020
__pcstackBANK1                 cstackBANK1  00D8
__pcstackCOMMON                cstackCOMMON 0070
__pdataBANK0                   dataBANK0    005B
__pdataCOMMON                  dataCOMMON   007D
__pidataBANK0                  idataBANK0   10A8
__pidataCOMMON                 idataCOMMON  07FE
__pintentry                    intentry     0004
__pmaintext                    maintext     0801
__ptext1                       text1        0A7E
__ptext10                      text10       11E1
__ptext11                      text11       0BBF
__ptext12                      text12       170D
__ptext13                      text13       1167
__ptext14                      text14       1146
__ptext15                      text15       10D1
__ptext16                      text16       1366
__ptext17                      text17       07CA
__ptext18                      text18       10B7
__ptext19                      text19       1622
__ptext2                       text2        093E
__ptext20                      text20       123C
__ptext21                      text21       110A
__ptext22                      text22       10EC
__ptext23                      text23       1188
__ptext3                       text3        003B
__ptext4                       text4        1128
__ptext5                       text5        1486
__ptext6                       text6        154F
__ptext7                       text7        12F8
__ptext8                       text8        13F0
__ptext9                       text9        129A
__size_of_Gol                  (abs)        0000
__size_of_InitES               (abs)        0000
__size_of_InitSPI              (abs)        0000
__size_of_InitTMR1             (abs)        0000
__size_of_Juego                (abs)        0000
__size_of_Marcador             (abs)        0000
__size_of_Posicioninicial      (abs)        0000
__size_of_Saque                (abs)        0000
__size_of___awdiv              (abs)        0000
__size_of___ftmul              (abs)        0000
__size_of___ftpack             (abs)        0000
__size_of___fttol              (abs)        0000
__size_of___lbtoft             (abs)        0000
__size_of_barras               (abs)        0000
__size_of_enviardato           (abs)        0000
__size_of_enviardato0          (abs)        0000
__size_of_enviardato2          (abs)        0000
__size_of_inicializacion       (abs)        0000
__size_of_main                 (abs)        0000
__size_of_rutinainterrupciones (abs)        0000
__size_ofi1___awdiv            (abs)        0000
__size_ofi1_barras             (abs)        0000
__size_ofi1_enviardato         (abs)        0000
__size_ofi1_enviardato2        (abs)        0000
_bandera1                      bssBANK0     0053
_bandera2                      bssBANK0     0052
_bandera3                      bssBANK0     0051
_bandera4                      bssBANK1     00D2
_banderagol                    bssBANK0     0054
_barras                        text9        129A
_enviardato                    text14       1146
_enviardato0                   text17       07CA
_enviardato2                   text13       1167
_filaball                      dataBANK0    005E
_gol1                          dataBANK0    0060
_gol2                          bssBANK0     0057
_inicializacion                text1        0A7E
_ledball                       dataBANK0    005F
_ledbarra1                     dataBANK0    005D
_ledbarra2                     dataCOMMON   007D
_main                          maintext     0801
_primerinicio                  dataBANK0    0061
_puntaje1                      bssBANK0     0056
_puntaje2                      bssBANK0     0055
_rutinainterrupciones          text19       1622
_saque                         bssBANK0     0058
_tiempo                        dataBANK0    005B
barras@barrafinal1             cstackBANK0  003B
barras@barrafinal2             cstackBANK0  003C
barras@posicionbarra1          cstackBANK0  003D
barras@posicionbarra2          cstackBANK0  0035
btemp                          (abs)        007E
clear_ram0                     clrtext      10AF
end_of_initialization          cinit        0037
enviardato0@dato               cstackBANK0  002C
enviardato0@direccion          cstackBANK0  002F
enviardato2@dato               cstackBANK0  002C
enviardato2@direccion          cstackBANK0  002F
enviardato@dato                cstackBANK0  002C
enviardato@direccion           cstackBANK0  002F
i1___awdiv                     text23       1188
i1___awdiv@counter             cstackCOMMON 0075
i1___awdiv@dividend            cstackCOMMON 0072
i1___awdiv@divisor             cstackCOMMON 0070
i1___awdiv@quotient            cstackCOMMON 0077
i1___awdiv@sign                cstackCOMMON 0076
i1_barras                      text20       123C
i1_enviardato                  text22       10EC
i1_enviardato2                 text21       110A
i1barras@barrafinal1           cstackCOMMON 007B
i1barras@barrafinal2           cstackCOMMON 007C
i1barras@posicionbarra1        cstackCOMMON 007A
i1barras@posicionbarra2        cstackCOMMON 0079
i1enviardato2@dato             cstackCOMMON 0070
i1enviardato2@direccion        cstackCOMMON 0073
i1enviardato@dato              cstackCOMMON 0070
i1enviardato@direccion         cstackCOMMON 0073
init_fetch0                    inittext     07ED
init_ram0                      inittext     07F1
interrupt_function             intentry     0004
intlevel0                      functab      0000
intlevel1                      functab      0000
intlevel2                      functab      0000
intlevel3                      functab      0000
intlevel4                      functab      0000
intlevel5                      functab      0000
reset_vec                      reset_vec    0000
saved_w                        (abs)        007E
stackhi                        (abs)        0000
stacklo                        (abs)        0000
start                          init         0012
start_initialization           cinit        0015
wtemp0                         (abs)        007E


FUNCTION INFORMATION:

 *************** function _main *****************
 Defined at:
		line 186 in file "Trayectoria.c"
 Parameters:    Size  Location     Type
		None
 Auto vars:     Size  Location     Type
		None
 Return value:  Size  Location     Type
                  1    wreg      void 
 Registers used:
		wreg, fsr0l, fsr0h, status,2, status,0, pclath, cstack
 Tracked objects:
		On entry : 
		On exit  : 
		Unchanged: 
 Data sizes:     COMMON   BANK0   BANK1   BANK3   BANK2
      Params:         0       0       0       0       0
      Locals:         0       0       0       0       0
      Temps:          0       1       0       0       0
      Totals:         0       1       0       0       0
Total ram usage:        1 bytes
 Hardware stack levels required when called:    7
 This function calls:
		_InitES
		_InitSPI
		_InitTMR1
		_Juego
		_Posicioninicial
		_barras
		_enviardato
		_enviardato0
		_enviardato2
		_inicializacion
 This function is called by:
		Startup code after reset
 This function uses a non-reentrant model


 *************** function _inicializacion *****************
 Defined at:
		line 27 in file "LCD.h"
 Parameters:    Size  Location     Type
		None
 Auto vars:     Size  Location     Type
		None
 Return value:  Size  Location     Type
                  1    wreg      void 
 Registers used:
		wreg
 Tracked objects:
		On entry : 
		On exit  : 
		Unchanged: 
 Data sizes:     COMMON   BANK0   BANK1   BANK3   BANK2
      Params:         0       0       0       0       0
      Locals:         0       0       0       0       0
      Temps:          0       2       0       0       0
      Totals:         0       2       0       0       0
Total ram usage:        2 bytes
 Hardware stack levels used:    1
 Hardware stack levels required when called:    3
 This function calls:
		Nothing
 This function is called by:
		_main
 This function uses a non-reentrant model


 *************** function _Posicioninicial *****************
 Defined at:
		line 391 in file "Trayectoria.c"
 Parameters:    Size  Location     Type
		None
 Auto vars:     Size  Location     Type
		None
 Return value:  Size  Location     Type
                  1    wreg      void 
 Registers used:
		wreg, status,2, status,0, pclath, cstack
 Tracked objects:
		On entry : 
		On exit  : 
		Unchanged: 
 Data sizes:     COMMON   BANK0   BANK1   BANK3   BANK2
      Params:         0       0       0       0       0
      Locals:         0       0       0       0       0
      Temps:          0       3       0       0       0
      Totals:         0       3       0       0       0
Total ram usage:        3 bytes
 Hardware stack levels used:    1
 Hardware stack levels required when called:    5
 This function calls:
		___awdiv
		_barras
		_enviardato
		_enviardato2
 This function is called by:
		_main
 This function uses a non-reentrant model


 *************** function _Juego *****************
 Defined at:
		line 485 in file "Trayectoria.c"
 Parameters:    Size  Location     Type
		None
 Auto vars:     Size  Location     Type
		None
 Return value:  Size  Location     Type
                  1    wreg      void 
 Registers used:
		wreg, fsr0l, fsr0h, status,2, status,0, pclath, cstack
 Tracked objects:
		On entry : 
		On exit  : 
		Unchanged: 
 Data sizes:     COMMON   BANK0   BANK1   BANK3   BANK2
      Params:         0       0       0       0       0
      Locals:         0       0       0       0       0
      Temps:          0       0       4       0       0
      Totals:         0       0       4       0       0
Total ram usage:        4 bytes
 Hardware stack levels used:    1
 Hardware stack levels required when called:    6
 This function calls:
		_Gol
		_Marcador
		_Saque
		___awdiv
		___ftmul
		___fttol
		___lbtoft
		_barras
		_enviardato
		_enviardato2
 This function is called by:
		_main
 This function uses a non-reentrant model


 *************** function ___lbtoft *****************
 Defined at:
		line 27 in file "C:\Program Files (x86)\Microchip\xc8\v1.45\sources\common\lbtoft.c"
 Parameters:    Size  Location     Type
  c               1    wreg     unsigned char 
 Auto vars:     Size  Location     Type
  c               1   27[BANK0 ] unsigned char 
 Return value:  Size  Location     Type
                  3   20[BANK0 ] float 
 Registers used:
		wreg, status,2, status,0, pclath, cstack
 Tracked objects:
		On entry : 
		On exit  : 
		Unchanged: 
 Data sizes:     COMMON   BANK0   BANK1   BANK3   BANK2
      Params:         0       3       0       0       0
      Locals:         0       1       0       0       0
      Temps:          0       4       0       0       0
      Totals:         0       8       0       0       0
Total ram usage:        8 bytes
 Hardware stack levels used:    1
 Hardware stack levels required when called:    4
 This function calls:
		___ftpack
 This function is called by:
		_Juego
 This function uses a non-reentrant model


 *************** function ___fttol *****************
 Defined at:
		line 44 in file "C:\Program Files (x86)\Microchip\xc8\v1.45\sources\common\fttol.c"
 Parameters:    Size  Location     Type
  f1              3   44[BANK0 ] float 
 Auto vars:     Size  Location     Type
  lval            4    5[BANK1 ] unsigned long 
  exp1            1    9[BANK1 ] unsigned char 
  sign1           1    4[BANK1 ] unsigned char 
 Return value:  Size  Location     Type
                  4   44[BANK0 ] long 
 Registers used:
		wreg, status,2, status,0
 Tracked objects:
		On entry : 
		On exit  : 
		Unchanged: 
 Data sizes:     COMMON   BANK0   BANK1   BANK3   BANK2
      Params:         0       4       0       0       0
      Locals:         0       0       6       0       0
      Temps:          0       0       4       0       0
      Totals:         0       4      10       0       0
Total ram usage:       14 bytes
 Hardware stack levels used:    1
 Hardware stack levels required when called:    3
 This function calls:
		Nothing
 This function is called by:
		_Juego
 This function uses a non-reentrant model


 *************** function ___ftmul *****************
 Defined at:
		line 62 in file "C:\Program Files (x86)\Microchip\xc8\v1.45\sources\common\ftmul.c"
 Parameters:    Size  Location     Type
  f1              3   28[BANK0 ] float 
  f2              3   31[BANK0 ] float 
 Auto vars:     Size  Location     Type
  f3_as_produc    3   39[BANK0 ] unsigned um
  sign            1   43[BANK0 ] unsigned char 
  cntr            1   42[BANK0 ] unsigned char 
  exp             1   38[BANK0 ] unsigned char 
 Return value:  Size  Location     Type
                  3   28[BANK0 ] float 
 Registers used:
		wreg, status,2, status,0, pclath, cstack
 Tracked objects:
		On entry : 
		On exit  : 
		Unchanged: 
 Data sizes:     COMMON   BANK0   BANK1   BANK3   BANK2
      Params:         0       6       0       0       0
      Locals:         0       6       0       0       0
      Temps:          0       4       0       0       0
      Totals:         0      16       0       0       0
Total ram usage:       16 bytes
 Hardware stack levels used:    1
 Hardware stack levels required when called:    4
 This function calls:
		___ftpack
 This function is called by:
		_Juego
 This function uses a non-reentrant model


 *************** function ___ftpack *****************
 Defined at:
		line 62 in file "C:\Program Files (x86)\Microchip\xc8\v1.45\sources\common\float.c"
 Parameters:    Size  Location     Type
  arg             3   12[BANK0 ] unsigned um
  exp             1   15[BANK0 ] unsigned char 
  sign            1   16[BANK0 ] unsigned char 
 Auto vars:     Size  Location     Type
		None
 Return value:  Size  Location     Type
                  3   12[BANK0 ] float 
 Registers used:
		wreg, status,2, status,0
 Tracked objects:
		On entry : 
		On exit  : 
		Unchanged: 
 Data sizes:     COMMON   BANK0   BANK1   BANK3   BANK2
      Params:         0       5       0       0       0
      Locals:         0       0       0       0       0
      Temps:          0       3       0       0       0
      Totals:         0       8       0       0       0
Total ram usage:        8 bytes
 Hardware stack levels used:    1
 Hardware stack levels required when called:    3
 This function calls:
		Nothing
 This function is called by:
		___ftmul
		___lbtoft
 This function uses a non-reentrant model


 *************** function _Saque *****************
 Defined at:
		line 859 in file "Trayectoria.c"
 Parameters:    Size  Location     Type
		None
 Auto vars:     Size  Location     Type
		None
 Return value:  Size  Location     Type
                  1    wreg      void 
 Registers used:
		wreg, status,2, status,0, pclath, cstack
 Tracked objects:
		On entry : 
		On exit  : 
		Unchanged: 
 Data sizes:     COMMON   BANK0   BANK1   BANK3   BANK2
      Params:         0       0       0       0       0
      Locals:         0       0       0       0       0
      Temps:          0       1       0       0       0
      Totals:         0       1       0       0       0
Total ram usage:        1 bytes
 Hardware stack levels used:    1
 Hardware stack levels required when called:    5
 This function calls:
		_barras
		_enviardato
		_enviardato0
		_enviardato2
 This function is called by:
		_Juego
 This function uses a non-reentrant model


 *************** function _barras *****************
 Defined at:
		line 1045 in file "Trayectoria.c"
 Parameters:    Size  Location     Type
  posicionbarr    1    wreg     unsigned char 
  posicionbarr    1   21[BANK0 ] unsigned char 
 Auto vars:     Size  Location     Type
  posicionbarr    1   29[BANK0 ] unsigned char 
  barrafinal2     1   28[BANK0 ] unsigned char 
  barrafinal1     1   27[BANK0 ] unsigned char 
 Return value:  Size  Location     Type
                  1    wreg      void 
 Registers used:
		wreg, status,2, status,0, pclath, cstack
 Tracked objects:
		On entry : 
		On exit  : 
		Unchanged: 
 Data sizes:     COMMON   BANK0   BANK1   BANK3   BANK2
      Params:         0       1       0       0       0
      Locals:         0       3       0       0       0
      Temps:          0       5       0       0       0
      Totals:         0       9       0       0       0
Total ram usage:        9 bytes
 Hardware stack levels used:    1
 Hardware stack levels required when called:    4
 This function calls:
		___awdiv
		_enviardato
		_enviardato2
 This function is called by:
		_main
		_Posicioninicial
		_Juego
		_Saque
		_moverbarra
 This function uses a non-reentrant model


 *************** function ___awdiv *****************
 Defined at:
		line 6 in file "C:\Program Files (x86)\Microchip\xc8\v1.45\sources\common\awdiv.c"
 Parameters:    Size  Location     Type
  divisor         2   12[BANK0 ] int 
  dividend        2   14[BANK0 ] int 
 Auto vars:     Size  Location     Type
  quotient        2   19[BANK0 ] int 
  sign            1   18[BANK0 ] unsigned char 
  counter         1   17[BANK0 ] unsigned char 
 Return value:  Size  Location     Type
                  2   12[BANK0 ] int 
 Registers used:
		wreg, status,2, status,0
 Tracked objects:
		On entry : 
		On exit  : 
		Unchanged: 
 Data sizes:     COMMON   BANK0   BANK1   BANK3   BANK2
      Params:         0       4       0       0       0
      Locals:         0       4       0       0       0
      Temps:          0       1       0       0       0
      Totals:         0       9       0       0       0
Total ram usage:        9 bytes
 Hardware stack levels used:    1
 Hardware stack levels required when called:    3
 This function calls:
		Nothing
 This function is called by:
		_Posicioninicial
		_Juego
		_barras
		_moverbarra
 This function uses a non-reentrant model


 *************** function _Marcador *****************
 Defined at:
		line 889 in file "Trayectoria.c"
 Parameters:    Size  Location     Type
		None
 Auto vars:     Size  Location     Type
		None
 Return value:  Size  Location     Type
                  1    wreg      void 
 Registers used:
		wreg, fsr0l, fsr0h, status,2, status,0, pclath, cstack
 Tracked objects:
		On entry : 
		On exit  : 
		Unchanged: 
 Data sizes:     COMMON   BANK0   BANK1   BANK3   BANK2
      Params:         0       0       0       0       0
      Locals:         0       0       0       0       0
      Temps:          0       3       0       0       0
      Totals:         0       3       0       0       0
Total ram usage:        3 bytes
 Hardware stack levels used:    1
 Hardware stack levels required when called:    4
 This function calls:
		_enviardato
		_enviardato0
		_enviardato2
 This function is called by:
		_Juego
 This function uses a non-reentrant model


 *************** function _Gol *****************
 Defined at:
		line 822 in file "Trayectoria.c"
 Parameters:    Size  Location     Type
		None
 Auto vars:     Size  Location     Type
		None
 Return value:  Size  Location     Type
                  1    wreg      void 
 Registers used:
		wreg, status,2, status,0, pclath, cstack
 Tracked objects:
		On entry : 
		On exit  : 
		Unchanged: 
 Data sizes:     COMMON   BANK0   BANK1   BANK3   BANK2
      Params:         0       0       0       0       0
      Locals:         0       0       0       0       0
      Temps:          0       3       0       0       0
      Totals:         0       3       0       0       0
Total ram usage:        3 bytes
 Hardware stack levels used:    1
 Hardware stack levels required when called:    4
 This function calls:
		_enviardato
		_enviardato0
		_enviardato2
 This function is called by:
		_Juego
 This function uses a non-reentrant model


 *************** function _enviardato2 *****************
 Defined at:
		line 361 in file "Trayectoria.c"
 Parameters:    Size  Location     Type
  direccion       1    wreg     unsigned char 
  dato            1   12[BANK0 ] unsigned char 
 Auto vars:     Size  Location     Type
  direccion       1   15[BANK0 ] unsigned char 
 Return value:  Size  Location     Type
                  1    wreg      void 
 Registers used:
		wreg
 Tracked objects:
		On entry : 
		On exit  : 
		Unchanged: 
 Data sizes:     COMMON   BANK0   BANK1   BANK3   BANK2
      Params:         0       1       0       0       0
      Locals:         0       1       0       0       0
      Temps:          0       2       0       0       0
      Totals:         0       4       0       0       0
Total ram usage:        4 bytes
 Hardware stack levels used:    1
 Hardware stack levels required when called:    3
 This function calls:
		Nothing
 This function is called by:
		_main
		_Posicioninicial
		_Juego
		_Gol
		_Saque
		_Marcador
		_barras
 This function uses a non-reentrant model


 *************** function _enviardato *****************
 Defined at:
		line 329 in file "Trayectoria.c"
 Parameters:    Size  Location     Type
  direccion       1    wreg     unsigned char 
  dato            1   12[BANK0 ] unsigned char 
 Auto vars:     Size  Location     Type
  direccion       1   15[BANK0 ] unsigned char 
 Return value:  Size  Location     Type
                  1    wreg      void 
 Registers used:
		wreg
 Tracked objects:
		On entry : 
		On exit  : 
		Unchanged: 
 Data sizes:     COMMON   BANK0   BANK1   BANK3   BANK2
      Params:         0       1       0       0       0
      Locals:         0       1       0       0       0
      Temps:          0       2       0       0       0
      Totals:         0       4       0       0       0
Total ram usage:        4 bytes
 Hardware stack levels used:    1
 Hardware stack levels required when called:    3
 This function calls:
		Nothing
 This function is called by:
		_main
		_Posicioninicial
		_Juego
		_Gol
		_Saque
		_Marcador
		_barras
 This function uses a non-reentrant model


 *************** function _InitTMR1 *****************
 Defined at:
		line 271 in file "Trayectoria.c"
 Parameters:    Size  Location     Type
		None
 Auto vars:     Size  Location     Type
		None
 Return value:  Size  Location     Type
                  1    wreg      void 
 Registers used:
		wreg, status,2
 Tracked objects:
		On entry : 
		On exit  : 
		Unchanged: 
 Data sizes:     COMMON   BANK0   BANK1   BANK3   BANK2
      Params:         0       0       0       0       0
      Locals:         0       0       0       0       0
      Temps:          0       0       0       0       0
      Totals:         0       0       0       0       0
Total ram usage:        0 bytes
 Hardware stack levels used:    1
 Hardware stack levels required when called:    3
 This function calls:
		Nothing
 This function is called by:
		_main
 This function uses a non-reentrant model


 *************** function _InitSPI *****************
 Defined at:
		line 286 in file "Trayectoria.c"
 Parameters:    Size  Location     Type
		None
 Auto vars:     Size  Location     Type
		None
 Return value:  Size  Location     Type
                  1    wreg      void 
 Registers used:
		wreg, status,2, status,0, pclath, cstack
 Tracked objects:
		On entry : 
		On exit  : 
		Unchanged: 
 Data sizes:     COMMON   BANK0   BANK1   BANK3   BANK2
      Params:         0       0       0       0       0
      Locals:         0       0       0       0       0
      Temps:          0       1       0       0       0
      Totals:         0       1       0       0       0
Total ram usage:        1 bytes
 Hardware stack levels used:    1
 Hardware stack levels required when called:    4
 This function calls:
		_enviardato0
 This function is called by:
		_main
 This function uses a non-reentrant model


 *************** function _enviardato0 *****************
 Defined at:
		line 314 in file "Trayectoria.c"
 Parameters:    Size  Location     Type
  direccion       1    wreg     unsigned char 
  dato            1   12[BANK0 ] unsigned char 
 Auto vars:     Size  Location     Type
  direccion       1   15[BANK0 ] unsigned char 
 Return value:  Size  Location     Type
                  1    wreg      void 
 Registers used:
		wreg
 Tracked objects:
		On entry : 
		On exit  : 
		Unchanged: 
 Data sizes:     COMMON   BANK0   BANK1   BANK3   BANK2
      Params:         0       1       0       0       0
      Locals:         0       1       0       0       0
      Temps:          0       2       0       0       0
      Totals:         0       4       0       0       0
Total ram usage:        4 bytes
 Hardware stack levels used:    1
 Hardware stack levels required when called:    3
 This function calls:
		Nothing
 This function is called by:
		_main
		_InitSPI
		_Gol
		_Saque
		_Marcador
 This function uses a non-reentrant model


 *************** function _InitES *****************
 Defined at:
		line 253 in file "Trayectoria.c"
 Parameters:    Size  Location     Type
		None
 Auto vars:     Size  Location     Type
		None
 Return value:  Size  Location     Type
                  1    wreg      void 
 Registers used:
		wreg, status,2
 Tracked objects:
		On entry : 
		On exit  : 
		Unchanged: 
 Data sizes:     COMMON   BANK0   BANK1   BANK3   BANK2
      Params:         0       0       0       0       0
      Locals:         0       0       0       0       0
      Temps:          0       0       0       0       0
      Totals:         0       0       0       0       0
Total ram usage:        0 bytes
 Hardware stack levels used:    1
 Hardware stack levels required when called:    3
 This function calls:
		Nothing
 This function is called by:
		_main
 This function uses a non-reentrant model


 *************** function _rutinainterrupciones *****************
 Defined at:
		line 65 in file "Trayectoria.c"
 Parameters:    Size  Location     Type
		None
 Auto vars:     Size  Location     Type
		None
 Return value:  Size  Location     Type
                  1    wreg      void 
 Registers used:
		wreg, status,2, status,0, pclath, cstack
 Tracked objects:
		On entry : 
		On exit  : 
		Unchanged: 
 Data sizes:     COMMON   BANK0   BANK1   BANK3   BANK2
      Params:         0       0       0       0       0
      Locals:         0       0       0       0       0
      Temps:          0       7       0       0       0
      Totals:         0       7       0       0       0
Total ram usage:        7 bytes
 Hardware stack levels used:    1
 Hardware stack levels required when called:    2
 This function calls:
		i1___awdiv
		i1_barras
 This function is called by:
		Interrupt level 1
 This function uses a non-reentrant model


 *************** function i1_barras *****************
 Defined at:
		line 1045 in file "Trayectoria.c"
 Parameters:    Size  Location     Type
  posicionbarr    1    wreg     unsigned char 
  posicionbarr    1    9[COMMON] unsigned char 
 Auto vars:     Size  Location     Type
  posicionbarr    1   10[COMMON] unsigned char 
  barras          1   12[COMMON] unsigned char 
  barras          1   11[COMMON] unsigned char 
 Return value:  Size  Location     Type
                  1    wreg      void 
 Registers used:
		wreg, status,2, status,0, pclath, cstack
 Tracked objects:
		On entry : 
		On exit  : 
		Unchanged: 
 Data sizes:     COMMON   BANK0   BANK1   BANK3   BANK2
      Params:         1       0       0       0       0
      Locals:         3       0       0       0       0
      Temps:          0       5       0       0       0
      Totals:         4       5       0       0       0
Total ram usage:        9 bytes
 Hardware stack levels used:    1
 Hardware stack levels required when called:    1
 This function calls:
		i1___awdiv
		i1_enviardato
		i1_enviardato2
 This function is called by:
		_rutinainterrupciones
 This function uses a non-reentrant model


 *************** function i1_enviardato2 *****************
 Defined at:
		line 361 in file "Trayectoria.c"
 Parameters:    Size  Location     Type
  direccion       1    wreg     unsigned char 
  dato            1    0[COMMON] unsigned char 
 Auto vars:     Size  Location     Type
  direccion       1    3[COMMON] unsigned char 
 Return value:  Size  Location     Type
                  1    wreg      void 
 Registers used:
		wreg
 Tracked objects:
		On entry : 
		On exit  : 
		Unchanged: 
 Data sizes:     COMMON   BANK0   BANK1   BANK3   BANK2
      Params:         1       0       0       0       0
      Locals:         1       0       0       0       0
      Temps:          2       0       0       0       0
      Totals:         4       0       0       0       0
Total ram usage:        4 bytes
 Hardware stack levels used:    1
 This function calls:
		Nothing
 This function is called by:
		i1_barras
 This function uses a non-reentrant model


 *************** function i1_enviardato *****************
 Defined at:
		line 329 in file "Trayectoria.c"
 Parameters:    Size  Location     Type
  direccion       1    wreg     unsigned char 
  dato            1    0[COMMON] unsigned char 
 Auto vars:     Size  Location     Type
  direccion       1    3[COMMON] unsigned char 
 Return value:  Size  Location     Type
                  1    wreg      void 
 Registers used:
		wreg
 Tracked objects:
		On entry : 
		On exit  : 
		Unchanged: 
 Data sizes:     COMMON   BANK0   BANK1   BANK3   BANK2
      Params:         1       0       0       0       0
      Locals:         1       0       0       0       0
      Temps:          2       0       0       0       0
      Totals:         4       0       0       0       0
Total ram usage:        4 bytes
 Hardware stack levels used:    1
 This function calls:
		Nothing
 This function is called by:
		i1_barras
 This function uses a non-reentrant model


 *************** function i1___awdiv *****************
 Defined at:
		line 6 in file "C:\Program Files (x86)\Microchip\xc8\v1.45\sources\common\awdiv.c"
 Parameters:    Size  Location     Type
  divisor         2    0[COMMON] int 
  dividend        2    2[COMMON] int 
 Auto vars:     Size  Location     Type
  __awdiv         2    7[COMMON] int 
  __awdiv         1    6[COMMON] unsigned char 
  __awdiv         1    5[COMMON] unsigned char 
 Return value:  Size  Location     Type
                  2    0[COMMON] int 
 Registers used:
		wreg, status,2, status,0
 Tracked objects:
		On entry : 
		On exit  : 
		Unchanged: 
 Data sizes:     COMMON   BANK0   BANK1   BANK3   BANK2
      Params:         4       0       0       0       0
      Locals:         4       0       0       0       0
      Temps:          1       0       0       0       0
      Totals:         9       0       0       0       0
Total ram usage:        9 bytes
 Hardware stack levels used:    1
 This function calls:
		Nothing
 This function is called by:
		_rutinainterrupciones
		i1_barras
 This function uses a non-reentrant model



MODULE INFORMATION

Module		Function		Class		Link	Load	Size
LCD.h
		_inicializacion		CODE           	0A7E	0000	322

LCD.h estimated size: 322

C:\Program Files (x86)\Microchip\xc8\v1.45\sources\common\float.c
		___ftpack      		CODE           	12F8	0000	111

C:\Program Files (x86)\Microchip\xc8\v1.45\sources\common\float.c estimated size: 111

C:\Program Files (x86)\Microchip\xc8\v1.45\sources\common\ftmul.c
		___ftmul       		CODE           	154F	0000	212

C:\Program Files (x86)\Microchip\xc8\v1.45\sources\common\ftmul.c estimated size: 212

Trayectoria.c
		_InitTMR1      		CODE           	10D1	0000	28
		_InitES        		CODE           	10B7	0000	27
		_barras        		CODE           	129A	0000	95
		_rutinainterrupciones		CODE           	1622	0000	236
		_main          		CODE           	0801	0000	318
		_enviardato    		CODE           	1146	0000	34
		_Saque         		CODE           	13F0	0000	151
		_enviardato0   		CODE           	07CA	0000	36
		_enviardato2   		CODE           	1167	0000	34
		_Posicioninicial		CODE           	093E	0000	321
		_Juego         		CODE           	003B	0000	1936
		_InitSPI       		CODE           	1366	0000	139
		_Marcador      		CODE           	0BBF	0000	1090
		_Gol           		CODE           	170D	0000	244

Trayectoria.c estimated size: 4689

shared
		i1___awdiv     		CODE           	1188	0000	90
		__initialization		CODE           	0015	0000	35
		i1_enviardato  		CODE           	10EC	0000	31
		i1_enviardato2 		CODE           	110A	0000	31
		i1_barras      		CODE           	123C	0000	95

shared estimated size: 282

C:\Program Files (x86)\Microchip\xc8\v1.45\sources\common\fttol.c
		___fttol       		CODE           	1486	0000	202

C:\Program Files (x86)\Microchip\xc8\v1.45\sources\common\fttol.c estimated size: 202

C:\Program Files (x86)\Microchip\xc8\v1.45\sources\common\awdiv.c
		___awdiv       		CODE           	11E1	0000	92

C:\Program Files (x86)\Microchip\xc8\v1.45\sources\common\awdiv.c estimated size: 92

C:\Program Files (x86)\Microchip\xc8\v1.45\sources\common\lbtoft.c
		___lbtoft      		CODE           	1128	0000	31

C:\Program Files (x86)\Microchip\xc8\v1.45\sources\common\lbtoft.c estimated size: 31

